src/modules/user/presentation/dto/create-user.dto.ts(2,42): error TS2307: Cannot find module '../model/users.model' or its corresponding type declarations.
